PersonID: 56!@abc#CD
FirstName: Jane
LastName: Doe
Address: 199|Grove St|Melbourne|Victoria|Australia
Birthdate: 15-11-1990
------
56!@abc#CD|3|10-05-2024|Active
